[Thu Apr 16 07:25:29 PM EDT 2026] Executing job 1: -alrt
[Thu Apr 16 07:25:29 PM EDT 2026] [error] CMD: -alrt
------------------------------------------
[Thu Apr 16 07:37:55 PM EDT 2026] Executing job 2: 
[Thu Apr 16 07:37:55 PM EDT 2026] [done] CMD: 
------------------------------------------
[Thu Apr 16 07:44:16 PM EDT 2026] Executing job 3: ls -alrt
[Thu Apr 16 07:44:16 PM EDT 2026] [done] CMD: ls -alrt
------------------------------------------
[Thu Apr 16 07:50:56 PM EDT 2026] Executing job 4: ls -alrt
[Thu Apr 16 07:50:56 PM EDT 2026] [done] CMD: ls -alrt
------------------------------------------
[Thu Apr 16 08:09:16 PM EDT 2026] Executing job 5: ls -alrt 
[Thu Apr 16 08:09:16 PM EDT 2026] [done] CMD: ls -alrt 
------------------------------------------
[Thu Apr 16 08:18:33 PM EDT 2026] Executing job 6: ls -alrt 
[Thu Apr 16 08:18:33 PM EDT 2026] [done] CMD: ls -alrt 
total 316
-rw-r--r--.  1 PPayton PPayton   9922 Apr 16 13:58 README.md
-rw-r--r--.  1 PPayton PPayton   7469 Apr 16 13:58 NODEJS-DOCKER.md
-rw-r--r--.  1 PPayton PPayton   2283 Apr 16 13:58 Makefile
-rw-r--r--.  1 PPayton PPayton   4420 Apr 16 13:58 INSTALL-DOCKER.md
-rw-r--r--.  1 PPayton PPayton    396 Apr 16 13:58 .env.docker
-rw-r--r--.  1 PPayton PPayton   6132 Apr 16 13:58 DOCKER-SHARE.md
-rw-r--r--.  1 PPayton PPayton   5356 Apr 16 13:58 DOCKER.md
-rw-r--r--.  1 PPayton PPayton   4240 Apr 16 13:58 APACHE.md
-rw-r--r--.  1 PPayton PPayton   4890 Apr 16 13:58 STATUS-FIELD-UPDATE.md
-rwxr-xr-x.  1 PPayton PPayton   6327 Apr 16 13:58 export-images.sh
-rw-r--r--.  1 PPayton PPayton   2251 Apr 16 13:58 docker-compose.yml
-rw-r--r--.  1 PPayton PPayton    552 Apr 16 13:58 docker-compose.override.yml.example
drwxr-xr-x.  2 PPayton PPayton    120 Apr 16 13:58 backend
drwxr-xr-x.  4 PPayton PPayton    145 Apr 16 13:58 frontend
-rwxr-xr-x.  1 PPayton PPayton   7255 Apr 16 13:58 install-docker-rocky.sh
-rw-r--r--.  1 PPayton PPayton   4072 Apr 16 13:58 init-databases.sql
-rwxr-xr-x.  1 PPayton PPayton   4153 Apr 16 13:58 verify-docker.sh
-rwxr-xr-x.  1 PPayton PPayton   3776 Apr 16 13:58 open-ports.sh
-rw-r--r--.  1 PPayton PPayton 195522 Apr 16 13:58 mysqlsampledatabase.sql
drwxr-xr-x. 14 PPayton PPayton   4096 Apr 16 13:58 ..
-rwxr--r--.  1 PPayton PPayton   1265 Apr 16 20:18 start-engine.sh
drwxr-xr-x.  4 PPayton PPayton   4096 Apr 16 20:18 .
-rw-r--r--.  1 PPayton PPayton    832 Apr 16 20:18 dbmigrate.log
------------------------------------------
[Thu Apr 16 08:34:40 PM EDT 2026] Executing job 7: ls -alrt 
[Thu Apr 16 08:34:40 PM EDT 2026] [done] CMD: ls -alrt 
total 316
-rw-r--r--.  1 PPayton PPayton   9922 Apr 16 13:58 README.md
-rw-r--r--.  1 PPayton PPayton   7469 Apr 16 13:58 NODEJS-DOCKER.md
-rw-r--r--.  1 PPayton PPayton   2283 Apr 16 13:58 Makefile
-rw-r--r--.  1 PPayton PPayton   4420 Apr 16 13:58 INSTALL-DOCKER.md
-rw-r--r--.  1 PPayton PPayton    396 Apr 16 13:58 .env.docker
-rw-r--r--.  1 PPayton PPayton   6132 Apr 16 13:58 DOCKER-SHARE.md
-rw-r--r--.  1 PPayton PPayton   5356 Apr 16 13:58 DOCKER.md
-rw-r--r--.  1 PPayton PPayton   4240 Apr 16 13:58 APACHE.md
-rw-r--r--.  1 PPayton PPayton   4890 Apr 16 13:58 STATUS-FIELD-UPDATE.md
-rwxr-xr-x.  1 PPayton PPayton   6327 Apr 16 13:58 export-images.sh
-rw-r--r--.  1 PPayton PPayton   2251 Apr 16 13:58 docker-compose.yml
-rw-r--r--.  1 PPayton PPayton    552 Apr 16 13:58 docker-compose.override.yml.example
drwxr-xr-x.  2 PPayton PPayton    120 Apr 16 13:58 backend
drwxr-xr-x.  4 PPayton PPayton    145 Apr 16 13:58 frontend
-rwxr-xr-x.  1 PPayton PPayton   7255 Apr 16 13:58 install-docker-rocky.sh
-rw-r--r--.  1 PPayton PPayton   4072 Apr 16 13:58 init-databases.sql
-rwxr-xr-x.  1 PPayton PPayton   4153 Apr 16 13:58 verify-docker.sh
-rwxr-xr-x.  1 PPayton PPayton   3776 Apr 16 13:58 open-ports.sh
-rw-r--r--.  1 PPayton PPayton 195522 Apr 16 13:58 mysqlsampledatabase.sql
drwxr-xr-x. 14 PPayton PPayton   4096 Apr 16 13:58 ..
-rwxr--r--.  1 PPayton PPayton   1263 Apr 16 20:33 start-engine.sh
drwxr-xr-x.  4 PPayton PPayton   4096 Apr 16 20:33 .
-rw-r--r--.  1 PPayton PPayton   2522 Apr 16 20:34 dbmigrate.log
------------------------------------------
[Thu Apr 16 08:40:08 PM EDT 2026] Executing job 8: ls -alrt 
[Thu Apr 16 08:40:08 PM EDT 2026] [done] CMD: ls -alrt 
total 320
-rw-r--r--.  1 PPayton PPayton   9922 Apr 16 13:58 README.md
-rw-r--r--.  1 PPayton PPayton   7469 Apr 16 13:58 NODEJS-DOCKER.md
-rw-r--r--.  1 PPayton PPayton   2283 Apr 16 13:58 Makefile
-rw-r--r--.  1 PPayton PPayton   4420 Apr 16 13:58 INSTALL-DOCKER.md
-rw-r--r--.  1 PPayton PPayton    396 Apr 16 13:58 .env.docker
-rw-r--r--.  1 PPayton PPayton   6132 Apr 16 13:58 DOCKER-SHARE.md
-rw-r--r--.  1 PPayton PPayton   5356 Apr 16 13:58 DOCKER.md
-rw-r--r--.  1 PPayton PPayton   4240 Apr 16 13:58 APACHE.md
-rw-r--r--.  1 PPayton PPayton   4890 Apr 16 13:58 STATUS-FIELD-UPDATE.md
-rwxr-xr-x.  1 PPayton PPayton   6327 Apr 16 13:58 export-images.sh
-rw-r--r--.  1 PPayton PPayton   2251 Apr 16 13:58 docker-compose.yml
-rw-r--r--.  1 PPayton PPayton    552 Apr 16 13:58 docker-compose.override.yml.example
drwxr-xr-x.  2 PPayton PPayton    120 Apr 16 13:58 backend
drwxr-xr-x.  4 PPayton PPayton    145 Apr 16 13:58 frontend
-rwxr-xr-x.  1 PPayton PPayton   7255 Apr 16 13:58 install-docker-rocky.sh
-rw-r--r--.  1 PPayton PPayton   4072 Apr 16 13:58 init-databases.sql
-rwxr-xr-x.  1 PPayton PPayton   4153 Apr 16 13:58 verify-docker.sh
-rwxr-xr-x.  1 PPayton PPayton   3776 Apr 16 13:58 open-ports.sh
-rw-r--r--.  1 PPayton PPayton 195522 Apr 16 13:58 mysqlsampledatabase.sql
drwxr-xr-x. 14 PPayton PPayton   4096 Apr 16 13:58 ..
-rwxr--r--.  1 PPayton PPayton   1319 Apr 16 20:39 start-engine.sh
drwxr-xr-x.  4 PPayton PPayton   4096 Apr 16 20:39 .
-rw-r--r--.  1 PPayton PPayton   4212 Apr 16 20:40 dbmigrate.log
------------------------------------------
[Thu Apr 16 08:43:08 PM EDT 2026] Executing job 9: ls -alrt 
[Thu Apr 16 08:43:08 PM EDT 2026] [done] CMD: ls -alrt 
total 320
-rw-r--r--.  1 PPayton PPayton   9922 Apr 16 13:58 README.md
-rw-r--r--.  1 PPayton PPayton   7469 Apr 16 13:58 NODEJS-DOCKER.md
-rw-r--r--.  1 PPayton PPayton   2283 Apr 16 13:58 Makefile
-rw-r--r--.  1 PPayton PPayton   4420 Apr 16 13:58 INSTALL-DOCKER.md
-rw-r--r--.  1 PPayton PPayton    396 Apr 16 13:58 .env.docker
-rw-r--r--.  1 PPayton PPayton   6132 Apr 16 13:58 DOCKER-SHARE.md
-rw-r--r--.  1 PPayton PPayton   5356 Apr 16 13:58 DOCKER.md
-rw-r--r--.  1 PPayton PPayton   4240 Apr 16 13:58 APACHE.md
-rw-r--r--.  1 PPayton PPayton   4890 Apr 16 13:58 STATUS-FIELD-UPDATE.md
-rwxr-xr-x.  1 PPayton PPayton   6327 Apr 16 13:58 export-images.sh
-rw-r--r--.  1 PPayton PPayton   2251 Apr 16 13:58 docker-compose.yml
-rw-r--r--.  1 PPayton PPayton    552 Apr 16 13:58 docker-compose.override.yml.example
drwxr-xr-x.  2 PPayton PPayton    120 Apr 16 13:58 backend
drwxr-xr-x.  4 PPayton PPayton    145 Apr 16 13:58 frontend
-rwxr-xr-x.  1 PPayton PPayton   7255 Apr 16 13:58 install-docker-rocky.sh
-rw-r--r--.  1 PPayton PPayton   4072 Apr 16 13:58 init-databases.sql
-rwxr-xr-x.  1 PPayton PPayton   4153 Apr 16 13:58 verify-docker.sh
-rwxr-xr-x.  1 PPayton PPayton   3776 Apr 16 13:58 open-ports.sh
-rw-r--r--.  1 PPayton PPayton 195522 Apr 16 13:58 mysqlsampledatabase.sql
drwxr-xr-x. 14 PPayton PPayton   4096 Apr 16 13:58 ..
-rwxr--r--.  1 PPayton PPayton   1365 Apr 16 20:42 start-engine.sh
drwxr-xr-x.  4 PPayton PPayton   4096 Apr 16 20:42 .
-rw-r--r--.  1 PPayton PPayton   5902 Apr 16 20:43 dbmigrate.log
------------------------------------------
[Thu Apr 16 08:53:20 PM EDT 2026] Executing job 10: ls -alrt 
[Thu Apr 16 08:53:20 PM EDT 2026] [done] CMD: ls -alrt 
total 320
-rw-r--r--.  1 PPayton PPayton   9922 Apr 16 13:58 README.md
-rw-r--r--.  1 PPayton PPayton   7469 Apr 16 13:58 NODEJS-DOCKER.md
-rw-r--r--.  1 PPayton PPayton   2283 Apr 16 13:58 Makefile
-rw-r--r--.  1 PPayton PPayton   4420 Apr 16 13:58 INSTALL-DOCKER.md
-rw-r--r--.  1 PPayton PPayton    396 Apr 16 13:58 .env.docker
-rw-r--r--.  1 PPayton PPayton   6132 Apr 16 13:58 DOCKER-SHARE.md
-rw-r--r--.  1 PPayton PPayton   5356 Apr 16 13:58 DOCKER.md
-rw-r--r--.  1 PPayton PPayton   4240 Apr 16 13:58 APACHE.md
-rw-r--r--.  1 PPayton PPayton   4890 Apr 16 13:58 STATUS-FIELD-UPDATE.md
-rwxr-xr-x.  1 PPayton PPayton   6327 Apr 16 13:58 export-images.sh
-rw-r--r--.  1 PPayton PPayton   2251 Apr 16 13:58 docker-compose.yml
-rw-r--r--.  1 PPayton PPayton    552 Apr 16 13:58 docker-compose.override.yml.example
drwxr-xr-x.  2 PPayton PPayton    120 Apr 16 13:58 backend
drwxr-xr-x.  4 PPayton PPayton    145 Apr 16 13:58 frontend
-rwxr-xr-x.  1 PPayton PPayton   7255 Apr 16 13:58 install-docker-rocky.sh
-rw-r--r--.  1 PPayton PPayton   4072 Apr 16 13:58 init-databases.sql
-rwxr-xr-x.  1 PPayton PPayton   4153 Apr 16 13:58 verify-docker.sh
-rwxr-xr-x.  1 PPayton PPayton   3776 Apr 16 13:58 open-ports.sh
-rw-r--r--.  1 PPayton PPayton 195522 Apr 16 13:58 mysqlsampledatabase.sql
drwxr-xr-x. 14 PPayton PPayton   4096 Apr 16 13:58 ..
-rwxr--r--.  1 PPayton PPayton   1208 Apr 16 20:52 start-engine.sh
drwxr-xr-x.  4 PPayton PPayton   4096 Apr 16 20:52 .
-rw-r--r--.  1 PPayton PPayton   7593 Apr 16 20:53 dbmigrate.log
------------------------------------------
[Thu Apr 16 08:55:49 PM EDT 2026] Executing job 11: pwd 
[Thu Apr 16 08:55:49 PM EDT 2026] [done] CMD: pwd 
/home/PPayton/NET2300/net2300/db_project/dbmigrate
------------------------------------------
[Thu Apr 16 08:58:12 PM EDT 2026] Executing job 12: lssss 
[Thu Apr 16 08:58:12 PM EDT 2026] [error] CMD: lssss 
bash: line 1: lssss: command not found
-------------------------------------------------------
[Thu Apr 16 09:53:57 PM EDT 2026] Executing job 13: ls -alrt 
[Thu Apr 16 09:53:57 PM EDT 2026] [done] CMD: ls -alrt 
total 324
-rw-r--r--.  1 PPayton PPayton   9922 Apr 16 13:58 README.md
-rw-r--r--.  1 PPayton PPayton   7469 Apr 16 13:58 NODEJS-DOCKER.md
-rw-r--r--.  1 PPayton PPayton   2283 Apr 16 13:58 Makefile
-rw-r--r--.  1 PPayton PPayton   4420 Apr 16 13:58 INSTALL-DOCKER.md
-rw-r--r--.  1 PPayton PPayton    396 Apr 16 13:58 .env.docker
-rw-r--r--.  1 PPayton PPayton   6132 Apr 16 13:58 DOCKER-SHARE.md
-rw-r--r--.  1 PPayton PPayton   5356 Apr 16 13:58 DOCKER.md
-rw-r--r--.  1 PPayton PPayton   4240 Apr 16 13:58 APACHE.md
-rw-r--r--.  1 PPayton PPayton   4890 Apr 16 13:58 STATUS-FIELD-UPDATE.md
-rwxr-xr-x.  1 PPayton PPayton   6327 Apr 16 13:58 export-images.sh
-rw-r--r--.  1 PPayton PPayton   2251 Apr 16 13:58 docker-compose.yml
-rw-r--r--.  1 PPayton PPayton    552 Apr 16 13:58 docker-compose.override.yml.example
drwxr-xr-x.  2 PPayton PPayton    120 Apr 16 13:58 backend
drwxr-xr-x.  4 PPayton PPayton    145 Apr 16 13:58 frontend
-rwxr-xr-x.  1 PPayton PPayton   7255 Apr 16 13:58 install-docker-rocky.sh
-rw-r--r--.  1 PPayton PPayton   4072 Apr 16 13:58 init-databases.sql
-rwxr-xr-x.  1 PPayton PPayton   4153 Apr 16 13:58 verify-docker.sh
-rwxr-xr-x.  1 PPayton PPayton   3776 Apr 16 13:58 open-ports.sh
-rw-r--r--.  1 PPayton PPayton 195522 Apr 16 13:58 mysqlsampledatabase.sql
drwxr-xr-x. 14 PPayton PPayton   4096 Apr 16 13:58 ..
-rwxr--r--.  1 PPayton PPayton   1170 Apr 16 20:57 start-engine.sh
drwxr-xr-x.  4 PPayton PPayton   4096 Apr 16 20:57 .
-rw-r--r--.  1 PPayton PPayton   9694 Apr 16 21:53 dbmigrate.log
-------------------------------------------------------
[Thu Apr 16 10:02:45 PM EDT 2026] Executing job 14: lssss 
[Thu Apr 16 10:02:45 PM EDT 2026] [error] CMD: lssss 
bash: line 1: lssss: command not found
-------------------------------------------------------
